// Jest Snapshot v1, https://goo.gl/fbAQLP

exports[`Comparison graph displays correct information should render data, height, and width 1`] = `undefined`;
