// Jest Snapshot v1, https://goo.gl/fbAQLP

exports[`Metrics rendering should render properly 1`] = `undefined`;
